// Vitest Snapshot v1

exports[`CLI > default command > using Tailwind as an example > local absolute path (with index) 1`] = `
" .gitignore       |  3 +++
 app/index.html   | 19 +++++++++----------
 package.json     | 11 ++++++++---
 tests/index.html | 21 ++++++++++-----------
 4 files changed, 30 insertions(+), 24 deletions(-)"
`;

exports[`CLI > default command > using Tailwind as an example > local absolute path (with index) 2`] = `
"diff --git a/.gitignore b/.gitignore
index 9bab45a..c4e2f3e 100644
--- a/.gitignore
+++ b/.gitignore
@@ -1,6 +1,9 @@
 # See https://help.github.com/ignore-files/ for more about ignoring files.
 
+
 # compiled output
+public/assets/tailwind.css
+
 /dist/
 /tmp/
 
diff --git a/app/index.html b/app/index.html
index 2398775..f038aae 100644
--- a/app/index.html
+++ b/app/index.html
@@ -1,25 +1,24 @@
-<!DOCTYPE html>
-<html>
-  <head>
+<!DOCTYPE html><html><head>
     <meta charset=\\"utf-8\\">
     <meta http-equiv=\\"X-UA-Compatible\\" content=\\"IE=edge\\">
-    <title>TestApp</title>
+    <title></title>
     <meta name=\\"description\\" content=\\"\\">
     <meta name=\\"viewport\\" content=\\"width=device-width, initial-scale=1\\">
 
-    {{content-for \\"head\\"}}
+    </head><body>{{content-for \\"head\\"}}
 
-    <link integrity=\\"\\" rel=\\"stylesheet\\" href=\\"{{rootURL}}assets/vendor.css\\">
+    <link integrity=\\"\\" rel=\\"stylesheet\\" href=\\"{{rootURL}}assets/tailwind.css\\"><link integrity=\\"\\" rel=\\"stylesheet\\" href=\\"{{rootURL}}assets/vendor.css\\">
     <link integrity=\\"\\" rel=\\"stylesheet\\" href=\\"{{rootURL}}assets/test-app.css\\">
 
     {{content-for \\"head-footer\\"}}
-  </head>
-  <body>
+  
+  
     {{content-for \\"body\\"}}
 
     <script src=\\"{{rootURL}}assets/vendor.js\\"></script>
     <script src=\\"{{rootURL}}assets/test-app.js\\"></script>
 
     {{content-for \\"body-footer\\"}}
-  </body>
-</html>
+  
+
+</body></html>
\\\\ No newline at end of file
diff --git a/package.json b/package.json
index 976763c..e14a6d4 100644
--- a/package.json
+++ b/package.json
@@ -11,7 +11,7 @@
     \\"test\\": \\"tests\\"
   },
   \\"scripts\\": {
-    \\"build\\": \\"ember build --environment=production\\",
+    \\"build\\": \\"npm run tailwind:build && ember build --environment=production\\",
     \\"lint\\": \\"npm-run-all --aggregate-output --continue-on-error --parallel \\\\\\"lint:!(fix)\\\\\\"\\",
     \\"lint:fix\\": \\"npm-run-all --aggregate-output --continue-on-error --parallel lint:*:fix\\",
     \\"lint:hbs\\": \\"ember-template-lint .\\",
@@ -20,7 +20,9 @@
     \\"lint:js:fix\\": \\"eslint . --fix\\",
     \\"start\\": \\"ember serve\\",
     \\"test\\": \\"npm-run-all lint test:*\\",
-    \\"test:ember\\": \\"ember test\\"
+    \\"test:ember\\": \\"ember test\\",
+    \\"tailwind:build\\": \\"npx tailwindcss -i ./tailwind-input.css -o ./public/assets/tailwind.css\\",
+    \\"tailwind:watch\\": \\"npx tailwindcss -i ./tailwind-input.css -o ./public/assets/tailwind.css --watch\\"
   },
   \\"devDependencies\\": {
     \\"@ember/optional-features\\": \\"^2.0.0\\",
@@ -59,7 +61,10 @@
     \\"prettier\\": \\"^2.5.1\\",
     \\"qunit\\": \\"^2.17.2\\",
     \\"qunit-dom\\": \\"^2.0.0\\",
-    \\"webpack\\": \\"^5.65.0\\"
+    \\"webpack\\": \\"^5.65.0\\",
+    \\"autoprefixer\\": \\"^10.0.0\\",
+    \\"postcss\\": \\"^8.0.0\\",
+    \\"tailwindcss\\": \\"^3.0.0\\"
   },
   \\"engines\\": {
     \\"node\\": \\"12.* || 14.* || >= 16\\"
diff --git a/tests/index.html b/tests/index.html
index ec6650a..b61f82e 100644
--- a/tests/index.html
+++ b/tests/index.html
@@ -1,23 +1,21 @@
-<!DOCTYPE html>
-<html>
-  <head>
+<!DOCTYPE html><html><head>
     <meta charset=\\"utf-8\\">
     <meta http-equiv=\\"X-UA-Compatible\\" content=\\"IE=edge\\">
-    <title>TestApp Tests</title>
+    <title></title>
     <meta name=\\"description\\" content=\\"\\">
     <meta name=\\"viewport\\" content=\\"width=device-width, initial-scale=1\\">
 
-    {{content-for \\"head\\"}}
+    </head><body>{{content-for \\"head\\"}}
     {{content-for \\"test-head\\"}}
 
-    <link rel=\\"stylesheet\\" href=\\"{{rootURL}}assets/vendor.css\\">
+    <link rel=\\"stylesheet\\" href=\\"{{rootURL}}assets/tailwind.css\\"><link rel=\\"stylesheet\\" href=\\"{{rootURL}}assets/vendor.css\\">
     <link rel=\\"stylesheet\\" href=\\"{{rootURL}}assets/test-app.css\\">
     <link rel=\\"stylesheet\\" href=\\"{{rootURL}}assets/test-support.css\\">
 
     {{content-for \\"head-footer\\"}}
     {{content-for \\"test-head-footer\\"}}
-  </head>
-  <body>
+  
+  
     {{content-for \\"body\\"}}
     {{content-for \\"test-body\\"}}
 
@@ -28,7 +26,7 @@
       </div>
     </div>
 
-    <script src=\\"/testem.js\\" integrity=\\"\\" data-embroider-ignore></script>
+    <script src=\\"/testem.js\\" integrity=\\"\\" data-embroider-ignore=\\"\\"></script>
     <script src=\\"{{rootURL}}assets/vendor.js\\"></script>
     <script src=\\"{{rootURL}}assets/test-support.js\\"></script>
     <script src=\\"{{rootURL}}assets/test-app.js\\"></script>
@@ -36,5 +34,6 @@
 
     {{content-for \\"body-footer\\"}}
     {{content-for \\"test-body-footer\\"}}
-  </body>
-</html>
+  
+
+</body></html>
\\\\ No newline at end of file"
`;

exports[`CLI > default command > using Tailwind as an example > local absolute path 1`] = `
" .gitignore       |  3 +++
 app/index.html   | 19 +++++++++----------
 package.json     | 11 ++++++++---
 tests/index.html | 21 ++++++++++-----------
 4 files changed, 30 insertions(+), 24 deletions(-)"
`;

exports[`CLI > default command > using Tailwind as an example > local absolute path 2`] = `
"diff --git a/.gitignore b/.gitignore
index 9bab45a..c4e2f3e 100644
--- a/.gitignore
+++ b/.gitignore
@@ -1,6 +1,9 @@
 # See https://help.github.com/ignore-files/ for more about ignoring files.
 
+
 # compiled output
+public/assets/tailwind.css
+
 /dist/
 /tmp/
 
diff --git a/app/index.html b/app/index.html
index 2398775..f038aae 100644
--- a/app/index.html
+++ b/app/index.html
@@ -1,25 +1,24 @@
-<!DOCTYPE html>
-<html>
-  <head>
+<!DOCTYPE html><html><head>
     <meta charset=\\"utf-8\\">
     <meta http-equiv=\\"X-UA-Compatible\\" content=\\"IE=edge\\">
-    <title>TestApp</title>
+    <title></title>
     <meta name=\\"description\\" content=\\"\\">
     <meta name=\\"viewport\\" content=\\"width=device-width, initial-scale=1\\">
 
-    {{content-for \\"head\\"}}
+    </head><body>{{content-for \\"head\\"}}
 
-    <link integrity=\\"\\" rel=\\"stylesheet\\" href=\\"{{rootURL}}assets/vendor.css\\">
+    <link integrity=\\"\\" rel=\\"stylesheet\\" href=\\"{{rootURL}}assets/tailwind.css\\"><link integrity=\\"\\" rel=\\"stylesheet\\" href=\\"{{rootURL}}assets/vendor.css\\">
     <link integrity=\\"\\" rel=\\"stylesheet\\" href=\\"{{rootURL}}assets/test-app.css\\">
 
     {{content-for \\"head-footer\\"}}
-  </head>
-  <body>
+  
+  
     {{content-for \\"body\\"}}
 
     <script src=\\"{{rootURL}}assets/vendor.js\\"></script>
     <script src=\\"{{rootURL}}assets/test-app.js\\"></script>
 
     {{content-for \\"body-footer\\"}}
-  </body>
-</html>
+  
+
+</body></html>
\\\\ No newline at end of file
diff --git a/package.json b/package.json
index 976763c..e14a6d4 100644
--- a/package.json
+++ b/package.json
@@ -11,7 +11,7 @@
     \\"test\\": \\"tests\\"
   },
   \\"scripts\\": {
-    \\"build\\": \\"ember build --environment=production\\",
+    \\"build\\": \\"npm run tailwind:build && ember build --environment=production\\",
     \\"lint\\": \\"npm-run-all --aggregate-output --continue-on-error --parallel \\\\\\"lint:!(fix)\\\\\\"\\",
     \\"lint:fix\\": \\"npm-run-all --aggregate-output --continue-on-error --parallel lint:*:fix\\",
     \\"lint:hbs\\": \\"ember-template-lint .\\",
@@ -20,7 +20,9 @@
     \\"lint:js:fix\\": \\"eslint . --fix\\",
     \\"start\\": \\"ember serve\\",
     \\"test\\": \\"npm-run-all lint test:*\\",
-    \\"test:ember\\": \\"ember test\\"
+    \\"test:ember\\": \\"ember test\\",
+    \\"tailwind:build\\": \\"npx tailwindcss -i ./tailwind-input.css -o ./public/assets/tailwind.css\\",
+    \\"tailwind:watch\\": \\"npx tailwindcss -i ./tailwind-input.css -o ./public/assets/tailwind.css --watch\\"
   },
   \\"devDependencies\\": {
     \\"@ember/optional-features\\": \\"^2.0.0\\",
@@ -59,7 +61,10 @@
     \\"prettier\\": \\"^2.5.1\\",
     \\"qunit\\": \\"^2.17.2\\",
     \\"qunit-dom\\": \\"^2.0.0\\",
-    \\"webpack\\": \\"^5.65.0\\"
+    \\"webpack\\": \\"^5.65.0\\",
+    \\"autoprefixer\\": \\"^10.0.0\\",
+    \\"postcss\\": \\"^8.0.0\\",
+    \\"tailwindcss\\": \\"^3.0.0\\"
   },
   \\"engines\\": {
     \\"node\\": \\"12.* || 14.* || >= 16\\"
diff --git a/tests/index.html b/tests/index.html
index ec6650a..b61f82e 100644
--- a/tests/index.html
+++ b/tests/index.html
@@ -1,23 +1,21 @@
-<!DOCTYPE html>
-<html>
-  <head>
+<!DOCTYPE html><html><head>
     <meta charset=\\"utf-8\\">
     <meta http-equiv=\\"X-UA-Compatible\\" content=\\"IE=edge\\">
-    <title>TestApp Tests</title>
+    <title></title>
     <meta name=\\"description\\" content=\\"\\">
     <meta name=\\"viewport\\" content=\\"width=device-width, initial-scale=1\\">
 
-    {{content-for \\"head\\"}}
+    </head><body>{{content-for \\"head\\"}}
     {{content-for \\"test-head\\"}}
 
-    <link rel=\\"stylesheet\\" href=\\"{{rootURL}}assets/vendor.css\\">
+    <link rel=\\"stylesheet\\" href=\\"{{rootURL}}assets/tailwind.css\\"><link rel=\\"stylesheet\\" href=\\"{{rootURL}}assets/vendor.css\\">
     <link rel=\\"stylesheet\\" href=\\"{{rootURL}}assets/test-app.css\\">
     <link rel=\\"stylesheet\\" href=\\"{{rootURL}}assets/test-support.css\\">
 
     {{content-for \\"head-footer\\"}}
     {{content-for \\"test-head-footer\\"}}
-  </head>
-  <body>
+  
+  
     {{content-for \\"body\\"}}
     {{content-for \\"test-body\\"}}
 
@@ -28,7 +26,7 @@
       </div>
     </div>
 
-    <script src=\\"/testem.js\\" integrity=\\"\\" data-embroider-ignore></script>
+    <script src=\\"/testem.js\\" integrity=\\"\\" data-embroider-ignore=\\"\\"></script>
     <script src=\\"{{rootURL}}assets/vendor.js\\"></script>
     <script src=\\"{{rootURL}}assets/test-support.js\\"></script>
     <script src=\\"{{rootURL}}assets/test-app.js\\"></script>
@@ -36,5 +34,6 @@
 
     {{content-for \\"body-footer\\"}}
     {{content-for \\"test-body-footer\\"}}
-  </body>
-</html>
+  
+
+</body></html>
\\\\ No newline at end of file"
`;

exports[`CLI > default command > using Tailwind as an example > local relative path (with index) 1`] = `
" .gitignore       |  3 +++
 app/index.html   | 19 +++++++++----------
 package.json     | 11 ++++++++---
 tests/index.html | 21 ++++++++++-----------
 4 files changed, 30 insertions(+), 24 deletions(-)"
`;

exports[`CLI > default command > using Tailwind as an example > local relative path (with index) 2`] = `
"diff --git a/.gitignore b/.gitignore
index 9bab45a..c4e2f3e 100644
--- a/.gitignore
+++ b/.gitignore
@@ -1,6 +1,9 @@
 # See https://help.github.com/ignore-files/ for more about ignoring files.
 
+
 # compiled output
+public/assets/tailwind.css
+
 /dist/
 /tmp/
 
diff --git a/app/index.html b/app/index.html
index 2398775..f038aae 100644
--- a/app/index.html
+++ b/app/index.html
@@ -1,25 +1,24 @@
-<!DOCTYPE html>
-<html>
-  <head>
+<!DOCTYPE html><html><head>
     <meta charset=\\"utf-8\\">
     <meta http-equiv=\\"X-UA-Compatible\\" content=\\"IE=edge\\">
-    <title>TestApp</title>
+    <title></title>
     <meta name=\\"description\\" content=\\"\\">
     <meta name=\\"viewport\\" content=\\"width=device-width, initial-scale=1\\">
 
-    {{content-for \\"head\\"}}
+    </head><body>{{content-for \\"head\\"}}
 
-    <link integrity=\\"\\" rel=\\"stylesheet\\" href=\\"{{rootURL}}assets/vendor.css\\">
+    <link integrity=\\"\\" rel=\\"stylesheet\\" href=\\"{{rootURL}}assets/tailwind.css\\"><link integrity=\\"\\" rel=\\"stylesheet\\" href=\\"{{rootURL}}assets/vendor.css\\">
     <link integrity=\\"\\" rel=\\"stylesheet\\" href=\\"{{rootURL}}assets/test-app.css\\">
 
     {{content-for \\"head-footer\\"}}
-  </head>
-  <body>
+  
+  
     {{content-for \\"body\\"}}
 
     <script src=\\"{{rootURL}}assets/vendor.js\\"></script>
     <script src=\\"{{rootURL}}assets/test-app.js\\"></script>
 
     {{content-for \\"body-footer\\"}}
-  </body>
-</html>
+  
+
+</body></html>
\\\\ No newline at end of file
diff --git a/package.json b/package.json
index 976763c..e14a6d4 100644
--- a/package.json
+++ b/package.json
@@ -11,7 +11,7 @@
     \\"test\\": \\"tests\\"
   },
   \\"scripts\\": {
-    \\"build\\": \\"ember build --environment=production\\",
+    \\"build\\": \\"npm run tailwind:build && ember build --environment=production\\",
     \\"lint\\": \\"npm-run-all --aggregate-output --continue-on-error --parallel \\\\\\"lint:!(fix)\\\\\\"\\",
     \\"lint:fix\\": \\"npm-run-all --aggregate-output --continue-on-error --parallel lint:*:fix\\",
     \\"lint:hbs\\": \\"ember-template-lint .\\",
@@ -20,7 +20,9 @@
     \\"lint:js:fix\\": \\"eslint . --fix\\",
     \\"start\\": \\"ember serve\\",
     \\"test\\": \\"npm-run-all lint test:*\\",
-    \\"test:ember\\": \\"ember test\\"
+    \\"test:ember\\": \\"ember test\\",
+    \\"tailwind:build\\": \\"npx tailwindcss -i ./tailwind-input.css -o ./public/assets/tailwind.css\\",
+    \\"tailwind:watch\\": \\"npx tailwindcss -i ./tailwind-input.css -o ./public/assets/tailwind.css --watch\\"
   },
   \\"devDependencies\\": {
     \\"@ember/optional-features\\": \\"^2.0.0\\",
@@ -59,7 +61,10 @@
     \\"prettier\\": \\"^2.5.1\\",
     \\"qunit\\": \\"^2.17.2\\",
     \\"qunit-dom\\": \\"^2.0.0\\",
-    \\"webpack\\": \\"^5.65.0\\"
+    \\"webpack\\": \\"^5.65.0\\",
+    \\"autoprefixer\\": \\"^10.0.0\\",
+    \\"postcss\\": \\"^8.0.0\\",
+    \\"tailwindcss\\": \\"^3.0.0\\"
   },
   \\"engines\\": {
     \\"node\\": \\"12.* || 14.* || >= 16\\"
diff --git a/tests/index.html b/tests/index.html
index ec6650a..b61f82e 100644
--- a/tests/index.html
+++ b/tests/index.html
@@ -1,23 +1,21 @@
-<!DOCTYPE html>
-<html>
-  <head>
+<!DOCTYPE html><html><head>
     <meta charset=\\"utf-8\\">
     <meta http-equiv=\\"X-UA-Compatible\\" content=\\"IE=edge\\">
-    <title>TestApp Tests</title>
+    <title></title>
     <meta name=\\"description\\" content=\\"\\">
     <meta name=\\"viewport\\" content=\\"width=device-width, initial-scale=1\\">
 
-    {{content-for \\"head\\"}}
+    </head><body>{{content-for \\"head\\"}}
     {{content-for \\"test-head\\"}}
 
-    <link rel=\\"stylesheet\\" href=\\"{{rootURL}}assets/vendor.css\\">
+    <link rel=\\"stylesheet\\" href=\\"{{rootURL}}assets/tailwind.css\\"><link rel=\\"stylesheet\\" href=\\"{{rootURL}}assets/vendor.css\\">
     <link rel=\\"stylesheet\\" href=\\"{{rootURL}}assets/test-app.css\\">
     <link rel=\\"stylesheet\\" href=\\"{{rootURL}}assets/test-support.css\\">
 
     {{content-for \\"head-footer\\"}}
     {{content-for \\"test-head-footer\\"}}
-  </head>
-  <body>
+  
+  
     {{content-for \\"body\\"}}
     {{content-for \\"test-body\\"}}
 
@@ -28,7 +26,7 @@
       </div>
     </div>
 
-    <script src=\\"/testem.js\\" integrity=\\"\\" data-embroider-ignore></script>
+    <script src=\\"/testem.js\\" integrity=\\"\\" data-embroider-ignore=\\"\\"></script>
     <script src=\\"{{rootURL}}assets/vendor.js\\"></script>
     <script src=\\"{{rootURL}}assets/test-support.js\\"></script>
     <script src=\\"{{rootURL}}assets/test-app.js\\"></script>
@@ -36,5 +34,6 @@
 
     {{content-for \\"body-footer\\"}}
     {{content-for \\"test-body-footer\\"}}
-  </body>
-</html>
+  
+
+</body></html>
\\\\ No newline at end of file"
`;

exports[`CLI > default command > using Tailwind as an example > local relative path 1`] = `
" .gitignore       |  3 +++
 app/index.html   | 19 +++++++++----------
 package.json     | 11 ++++++++---
 tests/index.html | 21 ++++++++++-----------
 4 files changed, 30 insertions(+), 24 deletions(-)"
`;

exports[`CLI > default command > using Tailwind as an example > local relative path 2`] = `
"diff --git a/.gitignore b/.gitignore
index 9bab45a..c4e2f3e 100644
--- a/.gitignore
+++ b/.gitignore
@@ -1,6 +1,9 @@
 # See https://help.github.com/ignore-files/ for more about ignoring files.
 
+
 # compiled output
+public/assets/tailwind.css
+
 /dist/
 /tmp/
 
diff --git a/app/index.html b/app/index.html
index 2398775..f038aae 100644
--- a/app/index.html
+++ b/app/index.html
@@ -1,25 +1,24 @@
-<!DOCTYPE html>
-<html>
-  <head>
+<!DOCTYPE html><html><head>
     <meta charset=\\"utf-8\\">
     <meta http-equiv=\\"X-UA-Compatible\\" content=\\"IE=edge\\">
-    <title>TestApp</title>
+    <title></title>
     <meta name=\\"description\\" content=\\"\\">
     <meta name=\\"viewport\\" content=\\"width=device-width, initial-scale=1\\">
 
-    {{content-for \\"head\\"}}
+    </head><body>{{content-for \\"head\\"}}
 
-    <link integrity=\\"\\" rel=\\"stylesheet\\" href=\\"{{rootURL}}assets/vendor.css\\">
+    <link integrity=\\"\\" rel=\\"stylesheet\\" href=\\"{{rootURL}}assets/tailwind.css\\"><link integrity=\\"\\" rel=\\"stylesheet\\" href=\\"{{rootURL}}assets/vendor.css\\">
     <link integrity=\\"\\" rel=\\"stylesheet\\" href=\\"{{rootURL}}assets/test-app.css\\">
 
     {{content-for \\"head-footer\\"}}
-  </head>
-  <body>
+  
+  
     {{content-for \\"body\\"}}
 
     <script src=\\"{{rootURL}}assets/vendor.js\\"></script>
     <script src=\\"{{rootURL}}assets/test-app.js\\"></script>
 
     {{content-for \\"body-footer\\"}}
-  </body>
-</html>
+  
+
+</body></html>
\\\\ No newline at end of file
diff --git a/package.json b/package.json
index 976763c..e14a6d4 100644
--- a/package.json
+++ b/package.json
@@ -11,7 +11,7 @@
     \\"test\\": \\"tests\\"
   },
   \\"scripts\\": {
-    \\"build\\": \\"ember build --environment=production\\",
+    \\"build\\": \\"npm run tailwind:build && ember build --environment=production\\",
     \\"lint\\": \\"npm-run-all --aggregate-output --continue-on-error --parallel \\\\\\"lint:!(fix)\\\\\\"\\",
     \\"lint:fix\\": \\"npm-run-all --aggregate-output --continue-on-error --parallel lint:*:fix\\",
     \\"lint:hbs\\": \\"ember-template-lint .\\",
@@ -20,7 +20,9 @@
     \\"lint:js:fix\\": \\"eslint . --fix\\",
     \\"start\\": \\"ember serve\\",
     \\"test\\": \\"npm-run-all lint test:*\\",
-    \\"test:ember\\": \\"ember test\\"
+    \\"test:ember\\": \\"ember test\\",
+    \\"tailwind:build\\": \\"npx tailwindcss -i ./tailwind-input.css -o ./public/assets/tailwind.css\\",
+    \\"tailwind:watch\\": \\"npx tailwindcss -i ./tailwind-input.css -o ./public/assets/tailwind.css --watch\\"
   },
   \\"devDependencies\\": {
     \\"@ember/optional-features\\": \\"^2.0.0\\",
@@ -59,7 +61,10 @@
     \\"prettier\\": \\"^2.5.1\\",
     \\"qunit\\": \\"^2.17.2\\",
     \\"qunit-dom\\": \\"^2.0.0\\",
-    \\"webpack\\": \\"^5.65.0\\"
+    \\"webpack\\": \\"^5.65.0\\",
+    \\"autoprefixer\\": \\"^10.0.0\\",
+    \\"postcss\\": \\"^8.0.0\\",
+    \\"tailwindcss\\": \\"^3.0.0\\"
   },
   \\"engines\\": {
     \\"node\\": \\"12.* || 14.* || >= 16\\"
diff --git a/tests/index.html b/tests/index.html
index ec6650a..b61f82e 100644
--- a/tests/index.html
+++ b/tests/index.html
@@ -1,23 +1,21 @@
-<!DOCTYPE html>
-<html>
-  <head>
+<!DOCTYPE html><html><head>
     <meta charset=\\"utf-8\\">
     <meta http-equiv=\\"X-UA-Compatible\\" content=\\"IE=edge\\">
-    <title>TestApp Tests</title>
+    <title></title>
     <meta name=\\"description\\" content=\\"\\">
     <meta name=\\"viewport\\" content=\\"width=device-width, initial-scale=1\\">
 
-    {{content-for \\"head\\"}}
+    </head><body>{{content-for \\"head\\"}}
     {{content-for \\"test-head\\"}}
 
-    <link rel=\\"stylesheet\\" href=\\"{{rootURL}}assets/vendor.css\\">
+    <link rel=\\"stylesheet\\" href=\\"{{rootURL}}assets/tailwind.css\\"><link rel=\\"stylesheet\\" href=\\"{{rootURL}}assets/vendor.css\\">
     <link rel=\\"stylesheet\\" href=\\"{{rootURL}}assets/test-app.css\\">
     <link rel=\\"stylesheet\\" href=\\"{{rootURL}}assets/test-support.css\\">
 
     {{content-for \\"head-footer\\"}}
     {{content-for \\"test-head-footer\\"}}
-  </head>
-  <body>
+  
+  
     {{content-for \\"body\\"}}
     {{content-for \\"test-body\\"}}
 
@@ -28,7 +26,7 @@
       </div>
     </div>
 
-    <script src=\\"/testem.js\\" integrity=\\"\\" data-embroider-ignore></script>
+    <script src=\\"/testem.js\\" integrity=\\"\\" data-embroider-ignore=\\"\\"></script>
     <script src=\\"{{rootURL}}assets/vendor.js\\"></script>
     <script src=\\"{{rootURL}}assets/test-support.js\\"></script>
     <script src=\\"{{rootURL}}assets/test-app.js\\"></script>
@@ -36,5 +34,6 @@
 
     {{content-for \\"body-footer\\"}}
     {{content-for \\"test-body-footer\\"}}
-  </body>
-</html>
+  
+
+</body></html>
\\\\ No newline at end of file"
`;
