// Vitest Snapshot v1

exports[`files > utils > applyFolder > works 1`] = `""`;

exports[`files > utils > applyFolder > works 2`] = `""`;
